Archive member included because of file (symbol)

c:/winavr-20100110/bin/../lib/gcc/avr/4.3.3/avr5\libgcc.a(_exit.o)
                              c:/winavr-20100110/bin/../lib/gcc/avr/4.3.3/../../../../avr/lib/avr5/crtm32.o (exit)
c:/winavr-20100110/bin/../lib/gcc/avr/4.3.3/avr5\libgcc.a(_copy_data.o)
                              ./main.o (__do_copy_data)
c:/winavr-20100110/bin/../lib/gcc/avr/4.3.3/avr5\libgcc.a(_clear_bss.o)
                              ./HAL/Nrf24.o (__do_clear_bss)
c:/winavr-20100110/bin/../lib/gcc/avr/4.3.3/../../../../avr/lib/avr5\libc.a(itoa.o)
                              ./MCAL/UART.o (itoa)
c:/winavr-20100110/bin/../lib/gcc/avr/4.3.3/../../../../avr/lib/avr5\libc.a(strrev.o)
                              c:/winavr-20100110/bin/../lib/gcc/avr/4.3.3/../../../../avr/lib/avr5\libc.a(itoa.o) (strrev)
c:/winavr-20100110/bin/../lib/gcc/avr/4.3.3/avr5\libgcc.a(_udivmodhi4.o)
                              c:/winavr-20100110/bin/../lib/gcc/avr/4.3.3/../../../../avr/lib/avr5\libc.a(itoa.o) (__udivmodhi4)

Allocating common symbols
Common symbol       size              file

temp                0x1               ./main.o
data_array          0x4               ./main.o
payload_len         0x1               ./HAL/Nrf24.o

Memory Configuration

Name             Origin             Length             Attributes
text             0x00000000         0x00020000         xr
data             0x00800060         0x0000ffa0         rw !x
eeprom           0x00810000         0x00010000         rw !x
fuse             0x00820000         0x00000400         rw !x
lock             0x00830000         0x00000400         rw !x
signature        0x00840000         0x00000400         rw !x
*default*        0x00000000         0xffffffff

Linker script and memory map

LOAD c:/winavr-20100110/bin/../lib/gcc/avr/4.3.3/../../../../avr/lib/avr5/crtm32.o
LOAD ./MCAL/UART.o
LOAD ./MCAL/spi.o
LOAD ./HAL/Nrf24.o
LOAD ./main.o
LOAD c:/winavr-20100110/bin/../lib/gcc/avr/4.3.3/../../../../avr/lib/avr5\libm.a
LOAD c:/winavr-20100110/bin/../lib/gcc/avr/4.3.3/avr5\libgcc.a
LOAD c:/winavr-20100110/bin/../lib/gcc/avr/4.3.3/../../../../avr/lib/avr5\libc.a
LOAD c:/winavr-20100110/bin/../lib/gcc/avr/4.3.3/avr5\libgcc.a

.hash
 *(.hash)

.dynsym
 *(.dynsym)

.dynstr
 *(.dynstr)

.gnu.version
 *(.gnu.version)

.gnu.version_d
 *(.gnu.version_d)

.gnu.version_r
 *(.gnu.version_r)

.rel.init
 *(.rel.init)

.rela.init
 *(.rela.init)

.rel.text
 *(.rel.text)
 *(.rel.text.*)
 *(.rel.gnu.linkonce.t*)

.rela.text
 *(.rela.text)
 *(.rela.text.*)
 *(.rela.gnu.linkonce.t*)

.rel.fini
 *(.rel.fini)

.rela.fini
 *(.rela.fini)

.rel.rodata
 *(.rel.rodata)
 *(.rel.rodata.*)
 *(.rel.gnu.linkonce.r*)

.rela.rodata
 *(.rela.rodata)
 *(.rela.rodata.*)
 *(.rela.gnu.linkonce.r*)

.rel.data
 *(.rel.data)
 *(.rel.data.*)
 *(.rel.gnu.linkonce.d*)

.rela.data
 *(.rela.data)
 *(.rela.data.*)
 *(.rela.gnu.linkonce.d*)

.rel.ctors
 *(.rel.ctors)

.rela.ctors
 *(.rela.ctors)

.rel.dtors
 *(.rel.dtors)

.rela.dtors
 *(.rela.dtors)

.rel.got
 *(.rel.got)

.rela.got
 *(.rela.got)

.rel.bss
 *(.rel.bss)

.rela.bss
 *(.rela.bss)

.rel.plt
 *(.rel.plt)

.rela.plt
 *(.rela.plt)

.text           0x00000000      0x512
 *(.vectors)
 .vectors       0x00000000       0x54 c:/winavr-20100110/bin/../lib/gcc/avr/4.3.3/../../../../avr/lib/avr5/crtm32.o
                0x00000000                __vectors
                0x00000000                __vector_default
 *(.vectors)
 *(.progmem.gcc*)
 *(.progmem*)
                0x00000054                . = ALIGN (0x2)
                0x00000054                __trampolines_start = .
 *(.trampolines)
 .trampolines   0x00000054        0x0 linker stubs
 *(.trampolines*)
                0x00000054                __trampolines_end = .
 *(.jumptables)
 *(.jumptables*)
 *(.lowtext)
 *(.lowtext*)
                0x00000054                __ctors_start = .
 *(.ctors)
                0x00000054                __ctors_end = .
                0x00000054                __dtors_start = .
 *(.dtors)
                0x00000054                __dtors_end = .
 SORT(*)(.ctors)
 SORT(*)(.dtors)
 *(.init0)
 .init0         0x00000054        0x0 c:/winavr-20100110/bin/../lib/gcc/avr/4.3.3/../../../../avr/lib/avr5/crtm32.o
                0x00000054                __init
 *(.init0)
 *(.init1)
 *(.init1)
 *(.init2)
 .init2         0x00000054        0xc c:/winavr-20100110/bin/../lib/gcc/avr/4.3.3/../../../../avr/lib/avr5/crtm32.o
 *(.init2)
 *(.init3)
 *(.init3)
 *(.init4)
 .init4         0x00000060       0x16 c:/winavr-20100110/bin/../lib/gcc/avr/4.3.3/avr5\libgcc.a(_copy_data.o)
                0x00000060                __do_copy_data
 .init4         0x00000076       0x10 c:/winavr-20100110/bin/../lib/gcc/avr/4.3.3/avr5\libgcc.a(_clear_bss.o)
                0x00000076                __do_clear_bss
 *(.init4)
 *(.init5)
 *(.init5)
 *(.init6)
 *(.init6)
 *(.init7)
 *(.init7)
 *(.init8)
 *(.init8)
 *(.init9)
 .init9         0x00000086        0x8 c:/winavr-20100110/bin/../lib/gcc/avr/4.3.3/../../../../avr/lib/avr5/crtm32.o
 *(.init9)
 *(.text)
 .text          0x0000008e        0x4 c:/winavr-20100110/bin/../lib/gcc/avr/4.3.3/../../../../avr/lib/avr5/crtm32.o
                0x0000008e                __vector_1
                0x0000008e                __vector_12
                0x0000008e                __bad_interrupt
                0x0000008e                __vector_6
                0x0000008e                __vector_3
                0x0000008e                __vector_11
                0x0000008e                __vector_13
                0x0000008e                __vector_17
                0x0000008e                __vector_19
                0x0000008e                __vector_7
                0x0000008e                __vector_5
                0x0000008e                __vector_4
                0x0000008e                __vector_9
                0x0000008e                __vector_2
                0x0000008e                __vector_15
                0x0000008e                __vector_8
                0x0000008e                __vector_14
                0x0000008e                __vector_10
                0x0000008e                __vector_16
                0x0000008e                __vector_18
                0x0000008e                __vector_20
 .text          0x00000092        0x0 ./MCAL/UART.o
 .text          0x00000092        0x0 ./MCAL/spi.o
 .text          0x00000092        0x0 ./HAL/Nrf24.o
 .text          0x00000092        0x0 ./main.o
 .text          0x00000092        0x0 c:/winavr-20100110/bin/../lib/gcc/avr/4.3.3/avr5\libgcc.a(_exit.o)
 .text          0x00000092        0x0 c:/winavr-20100110/bin/../lib/gcc/avr/4.3.3/avr5\libgcc.a(_copy_data.o)
 .text          0x00000092        0x0 c:/winavr-20100110/bin/../lib/gcc/avr/4.3.3/avr5\libgcc.a(_clear_bss.o)
 .text          0x00000092        0x0 c:/winavr-20100110/bin/../lib/gcc/avr/4.3.3/../../../../avr/lib/avr5\libc.a(itoa.o)
 .text          0x00000092        0x0 c:/winavr-20100110/bin/../lib/gcc/avr/4.3.3/../../../../avr/lib/avr5\libc.a(strrev.o)
 .text          0x00000092        0x0 c:/winavr-20100110/bin/../lib/gcc/avr/4.3.3/avr5\libgcc.a(_udivmodhi4.o)
                0x00000092                . = ALIGN (0x2)
 *(.text.*)
 .text.init_UART
                0x00000092       0x14 ./MCAL/UART.o
                0x00000092                init_UART
 .text.UART_SendChar
                0x000000a6        0x8 ./MCAL/UART.o
                0x000000a6                UART_SendChar
 .text.UART_getChar
                0x000000ae        0x8 ./MCAL/UART.o
                0x000000ae                UART_getChar
 .text.UART_SEND_string
                0x000000b6       0x14 ./MCAL/UART.o
                0x000000b6                UART_SEND_string
 .text.UART_SEND_number
                0x000000ca       0x44 ./MCAL/UART.o
                0x000000ca                UART_SEND_number
 .text.SPI_MasterInit
                0x0000010e       0x10 ./MCAL/spi.o
                0x0000010e                SPI_MasterInit
 .text.SPI_Transmit
                0x0000011e        0xa ./MCAL/spi.o
                0x0000011e                SPI_Transmit
 .text.SPI_SlaveInit
                0x00000128        0x8 ./MCAL/spi.o
                0x00000128                SPI_SlaveInit
 .text.nrf24_csn_digitalWrite
                0x00000130        0xc ./HAL/Nrf24.o
                0x00000130                nrf24_csn_digitalWrite
 .text.nrf24_ce_digitalWrite
                0x0000013c        0xc ./HAL/Nrf24.o
                0x0000013c                nrf24_ce_digitalWrite
 .text.nrf24_getStatus
                0x00000148        0xc ./HAL/Nrf24.o
                0x00000148                nrf24_getStatus
 .text.nrf24_lastMessageStatus
                0x00000154       0x18 ./HAL/Nrf24.o
                0x00000154                nrf24_lastMessageStatus
 .text.nrf24_isSending
                0x0000016c       0x10 ./HAL/Nrf24.o
                0x0000016c                nrf24_isSending
 .text.nrf24_transferSync
                0x0000017c       0x42 ./HAL/Nrf24.o
                0x0000017c                nrf24_transferSync
 .text.nrf24_readRegister
                0x000001be       0x26 ./HAL/Nrf24.o
                0x000001be                nrf24_readRegister
 .text.nrf24_retransmissionCount
                0x000001e4       0x24 ./HAL/Nrf24.o
                0x000001e4                nrf24_retransmissionCount
 .text.nrf24_transmitSync
                0x00000208       0x26 ./HAL/Nrf24.o
                0x00000208                nrf24_transmitSync
 .text.nrf24_writeRegister
                0x0000022e       0x26 ./HAL/Nrf24.o
                0x0000022e                nrf24_writeRegister
 .text.nrf24_rx_address
                0x00000254       0x10 ./HAL/Nrf24.o
                0x00000254                nrf24_rx_address
 .text.nrf24_tx_address
                0x00000264       0x20 ./HAL/Nrf24.o
                0x00000264                nrf24_tx_address
 .text.nrf24_configRegister
                0x00000284       0x1a ./HAL/Nrf24.o
                0x00000284                nrf24_configRegister
 .text.nrf24_powerDown
                0x0000029e        0xc ./HAL/Nrf24.o
                0x0000029e                nrf24_powerDown
 .text.nrf24_powerUpTx
                0x000002aa       0x12 ./HAL/Nrf24.o
                0x000002aa                nrf24_powerUpTx
 .text.nrf24_send
                0x000002bc       0x32 ./HAL/Nrf24.o
                0x000002bc                nrf24_send
 .text.nrf24_powerUpRx
                0x000002ee       0x20 ./HAL/Nrf24.o
                0x000002ee                nrf24_powerUpRx
 .text.nrf24_config
                0x0000030e       0x76 ./HAL/Nrf24.o
                0x0000030e                nrf24_config
 .text.init_nrf24
                0x00000384        0xe ./HAL/Nrf24.o
                0x00000384                init_nrf24
 .text.main     0x00000392       0xf2 ./main.o
                0x00000392                main
 .text.libgcc   0x00000484        0x0 c:/winavr-20100110/bin/../lib/gcc/avr/4.3.3/avr5\libgcc.a(_exit.o)
 .text.libgcc   0x00000484        0x0 c:/winavr-20100110/bin/../lib/gcc/avr/4.3.3/avr5\libgcc.a(_copy_data.o)
 .text.libgcc   0x00000484        0x0 c:/winavr-20100110/bin/../lib/gcc/avr/4.3.3/avr5\libgcc.a(_clear_bss.o)
 .text.avr-libc
                0x00000484       0x42 c:/winavr-20100110/bin/../lib/gcc/avr/4.3.3/../../../../avr/lib/avr5\libc.a(itoa.o)
                0x00000484                itoa
 .text.avr-libc
                0x000004c6       0x20 c:/winavr-20100110/bin/../lib/gcc/avr/4.3.3/../../../../avr/lib/avr5\libc.a(strrev.o)
                0x000004c6                strrev
 .text.libgcc   0x000004e6       0x28 c:/winavr-20100110/bin/../lib/gcc/avr/4.3.3/avr5\libgcc.a(_udivmodhi4.o)
                0x000004e6                __udivmodhi4
                0x0000050e                . = ALIGN (0x2)
 *(.fini9)
 .fini9         0x0000050e        0x0 c:/winavr-20100110/bin/../lib/gcc/avr/4.3.3/avr5\libgcc.a(_exit.o)
                0x0000050e                exit
                0x0000050e                _exit
 *(.fini9)
 *(.fini8)
 *(.fini8)
 *(.fini7)
 *(.fini7)
 *(.fini6)
 *(.fini6)
 *(.fini5)
 *(.fini5)
 *(.fini4)
 *(.fini4)
 *(.fini3)
 *(.fini3)
 *(.fini2)
 *(.fini2)
 *(.fini1)
 *(.fini1)
 *(.fini0)
 .fini0         0x0000050e        0x4 c:/winavr-20100110/bin/../lib/gcc/avr/4.3.3/avr5\libgcc.a(_exit.o)
 *(.fini0)
                0x00000512                _etext = .

.data           0x00800060       0xb4 load address 0x00000512
                0x00800060                PROVIDE (__data_start, .)
 *(.data)
 .data          0x00800060        0x0 c:/winavr-20100110/bin/../lib/gcc/avr/4.3.3/../../../../avr/lib/avr5/crtm32.o
 .data          0x00800060        0x0 ./MCAL/UART.o
 .data          0x00800060        0x0 ./MCAL/spi.o
 .data          0x00800060        0x0 ./HAL/Nrf24.o
 .data          0x00800060       0xa9 ./main.o
 .data          0x00800109        0x0 c:/winavr-20100110/bin/../lib/gcc/avr/4.3.3/avr5\libgcc.a(_exit.o)
 .data          0x00800109        0x0 c:/winavr-20100110/bin/../lib/gcc/avr/4.3.3/avr5\libgcc.a(_copy_data.o)
 .data          0x00800109        0x0 c:/winavr-20100110/bin/../lib/gcc/avr/4.3.3/avr5\libgcc.a(_clear_bss.o)
 .data          0x00800109        0x0 c:/winavr-20100110/bin/../lib/gcc/avr/4.3.3/../../../../avr/lib/avr5\libc.a(itoa.o)
 .data          0x00800109        0x0 c:/winavr-20100110/bin/../lib/gcc/avr/4.3.3/../../../../avr/lib/avr5\libc.a(strrev.o)
 .data          0x00800109        0x0 c:/winavr-20100110/bin/../lib/gcc/avr/4.3.3/avr5\libgcc.a(_udivmodhi4.o)
 *(.data*)
 .data.tx_address
                0x00800109        0x5 ./main.o
                0x00800109                tx_address
 .data.rx_address
                0x0080010e        0x5 ./main.o
                0x0080010e                rx_address
 *(.rodata)
 *(.rodata*)
 *(.gnu.linkonce.d*)
                0x00800114                . = ALIGN (0x2)
 *fill*         0x00800113        0x1 00
                0x00800114                _edata = .
                0x00800114                PROVIDE (__data_end, .)

.bss            0x00800114        0x7
                0x00800114                PROVIDE (__bss_start, .)
 *(.bss)
 .bss           0x00800114        0x0 c:/winavr-20100110/bin/../lib/gcc/avr/4.3.3/../../../../avr/lib/avr5/crtm32.o
 .bss           0x00800114        0x0 ./MCAL/UART.o
 .bss           0x00800114        0x0 ./MCAL/spi.o
 .bss           0x00800114        0x0 ./HAL/Nrf24.o
 .bss           0x00800114        0x0 ./main.o
 .bss           0x00800114        0x0 c:/winavr-20100110/bin/../lib/gcc/avr/4.3.3/avr5\libgcc.a(_exit.o)
 .bss           0x00800114        0x0 c:/winavr-20100110/bin/../lib/gcc/avr/4.3.3/avr5\libgcc.a(_copy_data.o)
 .bss           0x00800114        0x0 c:/winavr-20100110/bin/../lib/gcc/avr/4.3.3/avr5\libgcc.a(_clear_bss.o)
 .bss           0x00800114        0x0 c:/winavr-20100110/bin/../lib/gcc/avr/4.3.3/../../../../avr/lib/avr5\libc.a(itoa.o)
 .bss           0x00800114        0x0 c:/winavr-20100110/bin/../lib/gcc/avr/4.3.3/../../../../avr/lib/avr5\libc.a(strrev.o)
 .bss           0x00800114        0x0 c:/winavr-20100110/bin/../lib/gcc/avr/4.3.3/avr5\libgcc.a(_udivmodhi4.o)
 *(.bss*)
 .bss.q         0x00800114        0x1 ./main.o
                0x00800114                q
 *(COMMON)
 COMMON         0x00800115        0x1 ./HAL/Nrf24.o
                0x00800115                payload_len
 COMMON         0x00800116        0x5 ./main.o
                0x00800116                temp
                0x00800117                data_array
                0x0080011b                PROVIDE (__bss_end, .)
                0x00000512                __data_load_start = LOADADDR (.data)
                0x000005c6                __data_load_end = (__data_load_start + SIZEOF (.data))

.noinit         0x0080011b        0x0
                0x0080011b                PROVIDE (__noinit_start, .)
 *(.noinit*)
                0x0080011b                PROVIDE (__noinit_end, .)
                0x0080011b                _end = .
                0x0080011b                PROVIDE (__heap_start, .)

.eeprom         0x00810000        0x0
 *(.eeprom*)
                0x00810000                __eeprom_end = .

.fuse
 *(.fuse)
 *(.lfuse)
 *(.hfuse)
 *(.efuse)

.lock
 *(.lock*)

.signature
 *(.signature*)

.stab
 *(.stab)

.stabstr
 *(.stabstr)

.stab.excl
 *(.stab.excl)

.stab.exclstr
 *(.stab.exclstr)

.stab.index
 *(.stab.index)

.stab.indexstr
 *(.stab.indexstr)

.comment
 *(.comment)

.debug
 *(.debug)

.line
 *(.line)

.debug_srcinfo
 *(.debug_srcinfo)

.debug_sfnames
 *(.debug_sfnames)

.debug_aranges
 *(.debug_aranges)

.debug_pubnames
 *(.debug_pubnames)

.debug_info
 *(.debug_info)
 *(.gnu.linkonce.wi.*)

.debug_abbrev
 *(.debug_abbrev)

.debug_line
 *(.debug_line)

.debug_frame
 *(.debug_frame)

.debug_str
 *(.debug_str)

.debug_loc
 *(.debug_loc)

.debug_macinfo
 *(.debug_macinfo)
OUTPUT(RF_Module_TX.elf elf32-avr)
LOAD linker stubs
